- !host
  id: app
  restricted_to: 192.168.0.0

- !user
  id: alice
  restricted_to: 192.168.0.0/16
